// Jest Snapshot v1, https://goo.gl/fbAQLP

exports[`WelcomeScreen matches snapshot 1`] = `
<View
  style={
    {
      "backgroundColor": "#FAF9F6",
      "flex": 1,
    }
  }
>
  <View
    style={
      {
        "alignItems": "center",
        "flex": 1,
        "justifyContent": "center",
        "paddingHorizontal": 24,
      }
    }
  >
    <View
      style={
        {
          "alignItems": "center",
          "marginBottom": 64,
        }
      }
    >
      <Text
        style={
          {
            "fontSize": 80,
            "marginBottom": 16,
          }
        }
      >
        ðŸŒ±
      </Text>
      <Text
        style={
          {
            "color": "#2D5A27",
            "fontSize": 24,
            "fontWeight": "bold",
          }
        }
      >
        Capsula
      </Text>
    </View>
    <View
      style={
        {
          "alignItems": "center",
          "marginBottom": 64,
        }
      }
    >
      <Text
        style={
          {
            "color": "#2C3E50",
            "fontSize": 24,
            "fontWeight": "bold",
            "marginBottom": 16,
            "textAlign": "center",
          }
        }
      >
        Welcome to Capsula
      </Text>
      <Text
        style={
          {
            "color": "#7F8C8D",
            "fontSize": 18,
            "marginBottom": 24,
            "textAlign": "center",
          }
        }
      >
        Your regenerative wallet for the future economy
      </Text>
      <Text
        style={
          {
            "color": "#7F8C8D",
            "fontSize": 16,
            "lineHeight": 24,
            "textAlign": "center",
          }
        }
      >
        Manage your digital assets and participate in regenerative communities simply and securely.
      </Text>
    </View>
    <View
      accessibilityState={
        {
          "busy": undefined,
          "checked": undefined,
          "disabled": undefined,
          "expanded": undefined,
          "selected": undefined,
        }
      }
      accessibilityValue={
        {
          "max": undefined,
          "min": undefined,
          "now": undefined,
          "text": undefined,
        }
      }
      accessible={true}
      collapsable={false}
      focusable={true}
      onClick={[Function]}
      onResponderGrant={[Function]}
      onResponderMove={[Function]}
      onResponderRelease={[Function]}
      onResponderTerminate={[Function]}
      onResponderTerminationRequest={[Function]}
      onStartShouldSetResponder={[Function]}
      style={
        {
          "backgroundColor": "#2D5A27",
          "borderRadius": 12,
          "minWidth": 200,
          "opacity": 1,
          "paddingHorizontal": 32,
          "paddingVertical": 24,
        }
      }
    >
      <Text
        style={
          {
            "color": "#FFFFFF",
            "fontSize": 18,
            "fontWeight": "600",
            "textAlign": "center",
          }
        }
      >
        Continue
      </Text>
    </View>
  </View>
</View>
`;
